2025-03-06 14:24:07,518 - root - INFO - Starting HawkVance AI
2025-03-06 14:24:07,521 - root - ERROR - Error initializing Tesseract OCR: C:\Program Files\Tesseract-OCR\tesseract.exe is not installed or it's not in your PATH. See README file for more information.
2025-03-06 14:24:07,521 - root - ERROR - Application error: Failed to initialize Tesseract OCR
Traceback (most recent call last):
  File "C:\Users\kunda\AppData\Local\Programs\Python\Python313\Lib\site-packages\pytesseract\pytesseract.py", line 451, in get_tesseract_version
    output = subprocess.check_output(
        [tesseract_cmd, '--version'],
    ...<2 lines>...
        stdin=subprocess.DEVNULL,
    )
  File "C:\Users\kunda\AppData\Local\Programs\Python\Python313\Lib\subprocess.py", line 474, in check_output
    return run(*popenargs, stdout=PIPE, timeout=timeout, check=True,
           ~~~^^^^^^^^^^^^^^^^^^^^^^^^^^^^^^^^^^^^^^^^^^^^^^^^^^^^^^
               **kwargs).stdout
               ^^^^^^^^^
  File "C:\Users\kunda\AppData\Local\Programs\Python\Python313\Lib\subprocess.py", line 556, in run
    with Popen(*popenargs, **kwargs) as process:
         ~~~~~^^^^^^^^^^^^^^^^^^^^^^
  File "C:\Users\kunda\AppData\Local\Programs\Python\Python313\Lib\subprocess.py", line 1038, in __init__
    self._execute_child(args, executable, preexec_fn, close_fds,
    ~~~~~~~~~~~~~~~~~~~^^^^^^^^^^^^^^^^^^^^^^^^^^^^^^^^^^^^^^^^^
                        pass_fds, cwd, env,
                        ^^^^^^^^^^^^^^^^^^^
    ...<5 lines>...
                        gid, gids, uid, umask,
                        ^^^^^^^^^^^^^^^^^^^^^^
                        start_new_session, process_group)
                        ^^^^^^^^^^^^^^^^^^^^^^^^^^^^^^^^^
  File "C:\Users\kunda\AppData\Local\Programs\Python\Python313\Lib\subprocess.py", line 1550, in _execute_child
    hp, ht, pid, tid = _winapi.CreateProcess(executable, args,
                       ~~~~~~~~~~~~~~~~~~~~~^^^^^^^^^^^^^^^^^^
                             # no special security
                             ^^^^^^^^^^^^^^^^^^^^^
    ...<4 lines>...
                             cwd,
                             ^^^^
                             startupinfo)
                             ^^^^^^^^^^^^
FileNotFoundError: [WinError 2] The system cannot find the file specified

During handling of the above exception, another exception occurred:

Traceback (most recent call last):
  File "C:\Users\kunda\OneDrive - K L University\HawkVanceAI\src\core\ocr.py", line 15, in __init__
    pytesseract.get_tesseract_version()
    ~~~~~~~~~~~~~~~~~~~~~~~~~~~~~~~~~^^
  File "C:\Users\kunda\AppData\Local\Programs\Python\Python313\Lib\site-packages\pytesseract\pytesseract.py", line 163, in wrapper
    wrapper._result = func(*args, **kwargs)
                      ~~~~^^^^^^^^^^^^^^^^^
  File "C:\Users\kunda\AppData\Local\Programs\Python\Python313\Lib\site-packages\pytesseract\pytesseract.py", line 458, in get_tesseract_version
    raise TesseractNotFoundError()
pytesseract.pytesseract.TesseractNotFoundError: C:\Program Files\Tesseract-OCR\tesseract.exe is not installed or it's not in your PATH. See README file for more information.

During handling of the above exception, another exception occurred:

Traceback (most recent call last):
  File "C:\Users\kunda\OneDrive - K L University\HawkVanceAI\main.py", line 35, in main
    ocr_processor = OCRProcessor(tesseract_path=TESSERACT_PATH)
  File "C:\Users\kunda\OneDrive - K L University\HawkVanceAI\src\core\ocr.py", line 19, in __init__
    raise RuntimeError("Failed to initialize Tesseract OCR")
RuntimeError: Failed to initialize Tesseract OCR
2025-03-06 14:31:27,055 - root - INFO - Starting HawkVance AI
2025-03-06 14:31:27,202 - root - INFO - Tesseract OCR initialized successfully (version: 5.5.0.20241111)
2025-03-06 14:31:27,202 - root - INFO - Gemini API initialized successfully
2025-03-06 14:31:27,631 - root - ERROR - Application error: '_tkinter.tkapp' object has no attribute 'initialize_components'
Traceback (most recent call last):
  File "C:\Users\kunda\OneDrive - K L University\HawkVanceAI\main.py", line 44, in main
    root.initialize_components(
    ^^^^^^^^^^^^^^^^^^^^^^^^^^
  File "C:\Users\kunda\AppData\Local\Programs\Python\Python313\Lib\tkinter\__init__.py", line 2546, in __getattr__
    return getattr(self.tk, attr)
AttributeError: '_tkinter.tkapp' object has no attribute 'initialize_components'
2025-03-06 14:35:42,644 - root - INFO - Starting HawkVance AI
2025-03-06 14:35:42,670 - root - INFO - Tesseract OCR initialized successfully (version: 5.5.0.20241111)
2025-03-06 14:35:42,670 - root - INFO - Gemini API initialized successfully
2025-03-06 14:55:37,988 - root - INFO - Starting HawkVance AI
2025-03-06 14:55:38,026 - root - INFO - Tesseract OCR initialized successfully (version: 5.5.0.20241111)
2025-03-06 14:55:38,027 - root - INFO - Gemini API initialized successfully
2025-03-06 15:00:56,152 - root - INFO - Starting HawkVance AI
2025-03-06 15:00:56,185 - root - INFO - Tesseract OCR initialized successfully (version: 5.5.0.20241111)
2025-03-06 15:00:56,186 - root - INFO - Gemini API initialized successfully
2025-03-06 15:02:28,584 - root - INFO - Starting HawkVance AI
2025-03-06 15:02:28,619 - root - INFO - Tesseract OCR initialized successfully (version: 5.5.0.20241111)
2025-03-06 15:02:28,620 - root - INFO - Gemini API initialized successfully
2025-03-06 15:06:20,367 - root - INFO - Starting HawkVance AI
2025-03-06 15:06:20,401 - root - INFO - Tesseract OCR initialized successfully (version: 5.5.0.20241111)
2025-03-06 15:06:20,402 - root - INFO - Gemini API initialized successfully
2025-03-06 16:42:07,846 - root - INFO - Starting HawkVance AI
2025-03-06 16:42:07,902 - root - INFO - Tesseract OCR initialized successfully (version: 5.5.0.20241111)
2025-03-06 16:42:07,903 - root - INFO - Gemini API initialized successfully
2025-03-06 16:44:18,586 - root - INFO - Starting HawkVance AI
2025-03-06 16:44:18,619 - root - INFO - Tesseract OCR initialized successfully (version: 5.5.0.20241111)
2025-03-06 16:44:18,620 - root - INFO - Gemini API initialized successfully
2025-03-06 16:45:26,193 - root - INFO - Starting HawkVance AI
2025-03-06 16:45:26,226 - root - INFO - Tesseract OCR initialized successfully (version: 5.5.0.20241111)
2025-03-06 16:45:26,227 - root - INFO - Gemini API initialized successfully
2025-03-06 16:45:49,777 - root - INFO - Starting HawkVance AI
2025-03-06 16:45:49,806 - root - INFO - Tesseract OCR initialized successfully (version: 5.5.0.20241111)
2025-03-06 16:45:49,807 - root - INFO - Gemini API initialized successfully
2025-03-06 16:56:29,538 - root - INFO - Starting HawkVance AI
2025-03-06 16:56:31,105 - root - INFO - Tesseract OCR initialized successfully (version: 5.5.0.20241111)
2025-03-06 16:56:31,106 - root - INFO - Gemini API initialized successfully
2025-03-06 17:13:06,735 - root - INFO - Starting HawkVance AI
2025-03-06 17:13:06,763 - root - INFO - Tesseract OCR initialized successfully (version: 5.5.0.20241111)
2025-03-06 17:13:06,764 - root - INFO - Gemini API initialized successfully
2025-03-06 17:25:59,230 - root - INFO - Starting HawkVance AI
2025-03-06 17:25:59,284 - root - INFO - Tesseract OCR initialized successfully (version: 5.5.0.20241111)
2025-03-06 17:25:59,285 - root - INFO - Gemini API initialized successfully
2025-03-06 18:53:00,878 - root - INFO - Starting HawkVance AI
2025-03-06 18:53:01,043 - root - INFO - Tesseract OCR initialized successfully (version: 5.5.0.20241111)
2025-03-06 18:53:01,043 - root - INFO - Gemini API initialized successfully
2025-03-06 18:58:52,582 - root - INFO - Starting HawkVance AI
2025-03-06 18:58:52,617 - root - INFO - Tesseract OCR initialized successfully (version: 5.5.0.20241111)
2025-03-06 18:58:52,618 - root - INFO - Gemini API initialized successfully
2025-03-06 19:09:13,822 - root - INFO - Starting HawkVance AI
2025-03-06 19:09:13,860 - root - INFO - Tesseract OCR initialized successfully (version: 5.5.0.20241111)
2025-03-06 19:09:13,861 - root - INFO - Gemini API initialized successfully
2025-03-06 19:12:27,360 - root - INFO - Starting HawkVance AI
2025-03-06 19:12:27,387 - root - INFO - Tesseract OCR initialized successfully (version: 5.5.0.20241111)
2025-03-06 19:12:27,387 - root - INFO - Gemini API initialized successfully
2025-03-06 19:18:11,354 - root - ERROR - Error exporting to PDF: TTF Font file not found: DejaVuSansCondensed.ttf
2025-03-06 19:26:38,387 - root - ERROR - Error exporting to PDF: TTF Font file not found: DejaVuSansCondensed.ttf
2025-03-06 19:32:56,641 - root - INFO - Starting HawkVance AI
2025-03-06 19:32:56,673 - root - INFO - Tesseract OCR initialized successfully (version: 5.5.0.20241111)
2025-03-06 19:32:56,673 - root - INFO - Gemini API initialized successfully
2025-03-06 19:57:00,705 - root - INFO - Starting HawkVance AI
2025-03-06 19:57:00,743 - root - INFO - Tesseract OCR initialized successfully (version: 5.5.0.20241111)
2025-03-06 19:57:00,743 - root - INFO - Gemini API initialized successfully
2025-03-06 20:03:19,921 - root - INFO - Starting HawkVance AI
2025-03-06 20:03:19,990 - root - INFO - Tesseract OCR initialized successfully (version: 5.5.0.20241111)
2025-03-06 20:03:19,991 - root - INFO - Gemini API initialized successfully
2025-03-06 20:11:34,455 - root - INFO - Starting HawkVance AI
2025-03-06 20:11:34,489 - root - INFO - Tesseract OCR initialized successfully (version: 5.5.0.20241111)
2025-03-06 20:11:34,490 - root - INFO - Gemini API initialized successfully
2025-03-06 20:18:07,662 - root - INFO - Starting HawkVance AI
2025-03-06 20:18:07,730 - root - INFO - Tesseract OCR initialized successfully (version: 5.5.0.20241111)
2025-03-06 20:18:07,730 - root - INFO - Gemini API initialized successfully
2025-03-06 20:18:56,612 - root - INFO - Starting HawkVance AI
2025-03-06 20:18:56,639 - root - INFO - Tesseract OCR initialized successfully (version: 5.5.0.20241111)
2025-03-06 20:18:56,640 - root - INFO - Gemini API initialized successfully
2025-03-06 20:27:57,487 - root - INFO - Starting HawkVance AI
2025-03-06 20:27:57,543 - root - INFO - Tesseract OCR initialized successfully (version: 5.5.0.20241111)
2025-03-06 20:27:57,544 - root - INFO - Gemini API initialized successfully
2025-03-09 07:00:31,673 - root - INFO - Starting HawkVance AI
2025-03-09 07:00:31,777 - root - INFO - Tesseract OCR initialized successfully (version: 5.5.0.20241111)
2025-03-09 07:00:31,778 - root - INFO - Gemini API initialized successfully
2025-03-09 07:10:06,477 - root - INFO - Starting HawkVance AI
2025-03-09 07:10:07,335 - root - INFO - Tesseract OCR initialized successfully (version: 5.5.0.20241111)
2025-03-09 07:10:07,335 - root - INFO - Gemini API initialized successfully
2025-03-09 07:21:28,954 - root - INFO - Starting HawkVance AI
2025-03-09 07:21:28,982 - root - INFO - Tesseract OCR initialized successfully (version: 5.5.0.20241111)
2025-03-09 07:21:28,983 - root - INFO - Gemini API initialized successfully
2025-03-09 07:30:56,145 - root - INFO - Starting HawkVance AI
2025-03-09 07:30:56,182 - root - INFO - Tesseract OCR initialized successfully (version: 5.5.0.20241111)
2025-03-09 07:30:56,183 - root - INFO - Gemini 2.0 API initialized successfully
2025-03-09 07:31:21,432 - root - ERROR - Error in text analysis: 400 API key not valid. Please pass a valid API key. [reason: "API_KEY_INVALID"
domain: "googleapis.com"
metadata {
  key: "service"
  value: "generativelanguage.googleapis.com"
}
, locale: "en-US"
message: "API key not valid. Please pass a valid API key."
]
2025-03-09 07:31:40,056 - root - ERROR - Error in text analysis: 400 API key not valid. Please pass a valid API key. [reason: "API_KEY_INVALID"
domain: "googleapis.com"
metadata {
  key: "service"
  value: "generativelanguage.googleapis.com"
}
, locale: "en-US"
message: "API key not valid. Please pass a valid API key."
]
2025-03-09 07:31:52,895 - root - INFO - Starting HawkVance AI
2025-03-09 07:31:52,922 - root - INFO - Tesseract OCR initialized successfully (version: 5.5.0.20241111)
2025-03-09 07:31:52,923 - root - INFO - Gemini 2.0 API initialized successfully
2025-03-09 07:52:45,840 - root - INFO - Starting HawkVance AI
2025-03-09 07:52:45,869 - root - INFO - Tesseract OCR initialized successfully (version: 5.5.0.20241111)
2025-03-09 07:52:45,869 - root - INFO - Gemini 2.0 API initialized successfully
2025-03-09 07:53:22,908 - root - ERROR - Error in text analysis: Invalid operation: The `response.text` quick accessor requires the response to contain a valid `Part`, but none were returned. The candidate's [finish_reason](https://ai.google.dev/api/generate-content#finishreason) is 4. Meaning that the model was reciting from copyrighted material.
2025-03-09 08:21:52,827 - root - INFO - Starting HawkVance AI
2025-03-09 08:21:52,867 - root - INFO - Tesseract OCR initialized successfully (version: 5.5.0.20241111)
2025-03-09 08:21:52,867 - root - INFO - Gemini 2.0 API initialized successfully
2025-03-09 08:32:46,466 - root - INFO - Starting HawkVance AI
2025-03-09 08:32:46,499 - root - INFO - Tesseract OCR initialized successfully (version: 5.5.0.20241111)
2025-03-09 08:32:46,500 - root - INFO - Gemini 2.0 API initialized successfully
2025-03-09 08:40:10,073 - root - INFO - Starting HawkVance AI
2025-03-09 08:40:10,108 - root - INFO - Tesseract OCR initialized successfully (version: 5.5.0.20241111)
2025-03-09 08:40:10,109 - root - INFO - Gemini 2.0 API initialized successfully
2025-03-09 14:55:23,524 - root - INFO - Starting HawkVance AI
2025-03-09 14:55:23,526 - root - ERROR - Application error: Tesseract not found at: C:\Users\kunda\AppData\Local\Programs\Tesseract-OCR\tesseract.exe
Traceback (most recent call last):
  File "c:\Users\mithu\OneDrive\Desktop\recogP\HawkVanceAI\main.py", line 35, in main
    ocr_processor = OCRProcessor(tesseract_path=TESSERACT_PATH)
                    ^^^^^^^^^^^^^^^^^^^^^^^^^^^^^^^^^^^^^^^^^^^
  File "c:\Users\mithu\OneDrive\Desktop\recogP\HawkVanceAI\src\core\ocr.py", line 13, in __init__
    raise RuntimeError(f"Tesseract not found at: {tesseract_path}")
RuntimeError: Tesseract not found at: C:\Users\kunda\AppData\Local\Programs\Tesseract-OCR\tesseract.exe
2025-03-09 15:04:21,347 - root - INFO - Starting HawkVance AI
2025-03-09 15:04:21,349 - root - ERROR - Error initializing Tesseract OCR: C:\ProgramData\Microsoft\Windows\Start Menu\Programs\Tesseract-OCR is not installed or it's not in your PATH. See README file for more information.
2025-03-09 15:04:21,349 - root - ERROR - Application error: Tesseract OCR not found. Please:
1. Download from: https://github.com/UB-Mannheim/tesseract/wiki
2. Install to: C:\Program Files\Tesseract-OCR
3. Add installation path to system PATH
4. Or update TESSERACT_PATH in config/settings.py
Traceback (most recent call last):
  File "C:\Users\mithu\AppData\Roaming\Python\Python312\site-packages\pytesseract\pytesseract.py", line 451, in get_tesseract_version
    output = subprocess.check_output(
             ^^^^^^^^^^^^^^^^^^^^^^^^
  File "C:\Python312\Lib\subprocess.py", line 466, in check_output
    return run(*popenargs, stdout=PIPE, timeout=timeout, check=True,
           ^^^^^^^^^^^^^^^^^^^^^^^^^^^^^^^^^^^^^^^^^^^^^^^^^^^^^^^^^
  File "C:\Python312\Lib\subprocess.py", line 548, in run
    with Popen(*popenargs, **kwargs) as process:
         ^^^^^^^^^^^^^^^^^^^^^^^^^^^
  File "C:\Python312\Lib\subprocess.py", line 1026, in __init__
    self._execute_child(args, executable, preexec_fn, close_fds,
  File "C:\Python312\Lib\subprocess.py", line 1538, in _execute_child
    hp, ht, pid, tid = _winapi.CreateProcess(executable, args,
                       ^^^^^^^^^^^^^^^^^^^^^^^^^^^^^^^^^^^^^^^
PermissionError: [WinError 5] Access is denied

During handling of the above exception, another exception occurred:

Traceback (most recent call last):
  File "C:\Users\mithu\OneDrive\Desktop\recogP\HawkVanceAI\src\core\ocr.py", line 18, in __init__
    version = pytesseract.get_tesseract_version()
              ^^^^^^^^^^^^^^^^^^^^^^^^^^^^^^^^^^^
  File "C:\Users\mithu\AppData\Roaming\Python\Python312\site-packages\pytesseract\pytesseract.py", line 163, in wrapper
    wrapper._result = func(*args, **kwargs)
                      ^^^^^^^^^^^^^^^^^^^^^
  File "C:\Users\mithu\AppData\Roaming\Python\Python312\site-packages\pytesseract\pytesseract.py", line 458, in get_tesseract_version
    raise TesseractNotFoundError()
pytesseract.pytesseract.TesseractNotFoundError: C:\ProgramData\Microsoft\Windows\Start Menu\Programs\Tesseract-OCR is not installed or it's not in your PATH. See README file for more information.

During handling of the above exception, another exception occurred:

Traceback (most recent call last):
  File "C:\Users\mithu\OneDrive\Desktop\recogP\HawkVanceAI\main.py", line 35, in main
    ocr_processor = OCRProcessor(tesseract_path=TESSERACT_PATH)
                    ^^^^^^^^^^^^^^^^^^^^^^^^^^^^^^^^^^^^^^^^^^^
  File "C:\Users\mithu\OneDrive\Desktop\recogP\HawkVanceAI\src\core\ocr.py", line 22, in __init__
    raise RuntimeError(
RuntimeError: Tesseract OCR not found. Please:
1. Download from: https://github.com/UB-Mannheim/tesseract/wiki
2. Install to: C:\Program Files\Tesseract-OCR
3. Add installation path to system PATH
4. Or update TESSERACT_PATH in config/settings.py
2025-03-09 15:14:00,274 - root - INFO - Starting HawkVance AI
2025-03-09 15:14:01,533 - root - INFO - Tesseract OCR initialized successfully (version: 5.5.0.20241111)
2025-03-09 15:14:01,534 - root - INFO - Gemini 2.0 API initialized successfully
2025-03-09 15:14:01,536 - root - ERROR - Application error: [WinError 5] Access is denied: 'C:\\Users\\kunda'
Traceback (most recent call last):
  File "C:\Python312\Lib\pathlib.py", line 1311, in mkdir
    os.mkdir(self, mode)
FileNotFoundError: [WinError 3] The system cannot find the path specified: 'C:\\Users\\kunda\\OneDrive - K L University\\HawkVanceAI\\exports'

During handling of the above exception, another exception occurred:

Traceback (most recent call last):
  File "C:\Python312\Lib\pathlib.py", line 1311, in mkdir
    os.mkdir(self, mode)
FileNotFoundError: [WinError 3] The system cannot find the path specified: 'C:\\Users\\kunda\\OneDrive - K L University\\HawkVanceAI'

During handling of the above exception, another exception occurred:

Traceback (most recent call last):
  File "C:\Python312\Lib\pathlib.py", line 1311, in mkdir
    os.mkdir(self, mode)
FileNotFoundError: [WinError 3] The system cannot find the path specified: 'C:\\Users\\kunda\\OneDrive - K L University'

During handling of the above exception, another exception occurred:

Traceback (most recent call last):
  File "C:\Users\mithu\OneDrive\Desktop\recogP\HawkVanceAI\main.py", line 38, in main
    document_exporter = DocumentExporter()
                        ^^^^^^^^^^^^^^^^^^
  File "C:\Users\mithu\OneDrive\Desktop\recogP\HawkVanceAI\src\utils\export.py", line 12, in __init__
    self.output_dir.mkdir(parents=True, exist_ok=True)
  File "C:\Python312\Lib\pathlib.py", line 1315, in mkdir
    self.parent.mkdir(parents=True, exist_ok=True)
  File "C:\Python312\Lib\pathlib.py", line 1315, in mkdir
    self.parent.mkdir(parents=True, exist_ok=True)
  File "C:\Python312\Lib\pathlib.py", line 1315, in mkdir
    self.parent.mkdir(parents=True, exist_ok=True)
  File "C:\Python312\Lib\pathlib.py", line 1311, in mkdir
    os.mkdir(self, mode)
PermissionError: [WinError 5] Access is denied: 'C:\\Users\\kunda'
2025-03-09 15:15:08,315 - root - INFO - Starting HawkVance AI
2025-03-09 15:15:08,361 - root - INFO - Tesseract OCR initialized successfully (version: 5.5.0.20241111)
2025-03-09 15:15:08,362 - root - INFO - Gemini 2.0 API initialized successfully
2025-03-09 15:15:08,364 - root - ERROR - Application error: [WinError 5] Access is denied: 'C:\\Users\\kunda'
Traceback (most recent call last):
  File "C:\Python312\Lib\pathlib.py", line 1311, in mkdir
    os.mkdir(self, mode)
FileNotFoundError: [WinError 3] The system cannot find the path specified: 'C:\\Users\\kunda\\OneDrive - K L University\\HawkVanceAI\\exports'

During handling of the above exception, another exception occurred:

Traceback (most recent call last):
  File "C:\Python312\Lib\pathlib.py", line 1311, in mkdir
    os.mkdir(self, mode)
FileNotFoundError: [WinError 3] The system cannot find the path specified: 'C:\\Users\\kunda\\OneDrive - K L University\\HawkVanceAI'

During handling of the above exception, another exception occurred:

Traceback (most recent call last):
  File "C:\Python312\Lib\pathlib.py", line 1311, in mkdir
    os.mkdir(self, mode)
FileNotFoundError: [WinError 3] The system cannot find the path specified: 'C:\\Users\\kunda\\OneDrive - K L University'

During handling of the above exception, another exception occurred:

Traceback (most recent call last):
  File "C:\Users\mithu\OneDrive\Desktop\recogP\HawkVanceAI\main.py", line 38, in main
    document_exporter = DocumentExporter()
                        ^^^^^^^^^^^^^^^^^^
  File "C:\Users\mithu\OneDrive\Desktop\recogP\HawkVanceAI\src\utils\export.py", line 12, in __init__
    self.output_dir.mkdir(parents=True, exist_ok=True)
  File "C:\Python312\Lib\pathlib.py", line 1315, in mkdir
    self.parent.mkdir(parents=True, exist_ok=True)
  File "C:\Python312\Lib\pathlib.py", line 1315, in mkdir
    self.parent.mkdir(parents=True, exist_ok=True)
  File "C:\Python312\Lib\pathlib.py", line 1315, in mkdir
    self.parent.mkdir(parents=True, exist_ok=True)
  File "C:\Python312\Lib\pathlib.py", line 1311, in mkdir
    os.mkdir(self, mode)
PermissionError: [WinError 5] Access is denied: 'C:\\Users\\kunda'
2025-03-09 15:23:03,003 - root - INFO - Starting HawkVance AI
2025-03-09 15:23:03,054 - root - INFO - Tesseract OCR initialized successfully (version: 5.5.0.20241111)
2025-03-09 15:23:03,054 - root - INFO - Gemini 2.0 API initialized successfully
2025-03-09 15:31:36,457 - root - INFO - Starting HawkVance AI
2025-03-09 15:31:36,503 - root - INFO - Tesseract OCR initialized successfully (version: 5.5.0.20241111)
2025-03-09 15:31:36,504 - root - INFO - Gemini 2.0 API initialized successfully
2025-03-09 15:37:05,008 - root - ERROR - Error writing line to PDF: Not enough horizontal space to render a single character
2025-03-09 15:37:05,008 - root - ERROR - Error writing line to PDF: Not enough horizontal space to render a single character
2025-03-09 15:37:05,009 - root - ERROR - Error writing line to PDF: Not enough horizontal space to render a single character
2025-03-09 15:37:05,009 - root - ERROR - Error writing line to PDF: Not enough horizontal space to render a single character
2025-03-09 15:37:05,010 - root - ERROR - Error writing line to PDF: Not enough horizontal space to render a single character
2025-03-09 15:37:05,010 - root - ERROR - Error writing line to PDF: Not enough horizontal space to render a single character
2025-03-09 15:37:05,011 - root - ERROR - Error writing line to PDF: Not enough horizontal space to render a single character
2025-03-09 15:37:05,012 - root - ERROR - Error writing line to PDF: Not enough horizontal space to render a single character
2025-03-09 15:37:05,012 - root - ERROR - Error writing line to PDF: Not enough horizontal space to render a single character
2025-03-09 15:37:05,012 - root - ERROR - Error writing line to PDF: Not enough horizontal space to render a single character
2025-03-09 15:37:05,013 - root - ERROR - Error writing line to PDF: Not enough horizontal space to render a single character
2025-03-09 15:37:05,014 - root - ERROR - Error writing line to PDF: Not enough horizontal space to render a single character
2025-03-09 15:37:05,014 - root - ERROR - Error writing line to PDF: Not enough horizontal space to render a single character
2025-03-09 15:37:05,015 - root - ERROR - Error writing line to PDF: Not enough horizontal space to render a single character
2025-03-09 15:37:05,016 - root - ERROR - Error writing line to PDF: Not enough horizontal space to render a single character
2025-03-09 15:37:05,017 - root - ERROR - Error writing line to PDF: Not enough horizontal space to render a single character
2025-03-09 15:37:05,018 - root - ERROR - Error writing line to PDF: Not enough horizontal space to render a single character
2025-03-09 15:37:05,018 - root - ERROR - Error writing line to PDF: Not enough horizontal space to render a single character
2025-03-09 15:37:05,019 - root - ERROR - Error writing line to PDF: Not enough horizontal space to render a single character
2025-03-09 15:37:05,019 - root - ERROR - Error writing line to PDF: Not enough horizontal space to render a single character
2025-03-09 15:37:05,020 - root - ERROR - Error writing line to PDF: Not enough horizontal space to render a single character
2025-03-09 15:37:05,020 - root - ERROR - Error writing line to PDF: Not enough horizontal space to render a single character
2025-03-09 15:37:05,021 - root - ERROR - Error writing line to PDF: Not enough horizontal space to render a single character
2025-03-09 15:37:05,021 - root - ERROR - Error writing line to PDF: Not enough horizontal space to render a single character
2025-03-09 15:37:05,023 - root - ERROR - Error writing line to PDF: Not enough horizontal space to render a single character
2025-03-09 15:37:05,024 - root - ERROR - Error writing line to PDF: Not enough horizontal space to render a single character
2025-03-09 15:37:05,024 - root - ERROR - Error writing line to PDF: Not enough horizontal space to render a single character
2025-03-09 15:37:05,024 - root - ERROR - Error writing line to PDF: Not enough horizontal space to render a single character
2025-03-09 15:37:05,025 - root - ERROR - Error writing line to PDF: Not enough horizontal space to render a single character
2025-03-09 15:37:05,025 - root - ERROR - Error writing line to PDF: Not enough horizontal space to render a single character
2025-03-09 15:37:05,027 - root - ERROR - Error writing line to PDF: Not enough horizontal space to render a single character
2025-03-09 15:37:05,027 - root - ERROR - Error writing line to PDF: Not enough horizontal space to render a single character
2025-03-09 15:37:05,028 - root - ERROR - Error writing line to PDF: Not enough horizontal space to render a single character
2025-03-09 15:37:05,029 - root - ERROR - Error writing line to PDF: Not enough horizontal space to render a single character
2025-03-09 15:37:05,030 - root - ERROR - Error writing line to PDF: Not enough horizontal space to render a single character
2025-03-09 15:37:05,031 - root - ERROR - Error writing line to PDF: Not enough horizontal space to render a single character
2025-03-09 15:37:05,032 - root - ERROR - Error writing line to PDF: Not enough horizontal space to render a single character
2025-03-09 15:37:05,033 - root - ERROR - Error writing line to PDF: Not enough horizontal space to render a single character
2025-03-09 15:37:05,034 - root - ERROR - Error writing line to PDF: Not enough horizontal space to render a single character
2025-03-09 15:37:05,035 - root - ERROR - Error writing line to PDF: Not enough horizontal space to render a single character
2025-03-09 15:37:05,036 - root - ERROR - Error writing line to PDF: Not enough horizontal space to render a single character
2025-03-09 15:37:05,037 - root - ERROR - Error writing line to PDF: Not enough horizontal space to render a single character
2025-03-09 15:37:05,037 - root - ERROR - Error writing line to PDF: Not enough horizontal space to render a single character
2025-03-09 15:37:05,038 - root - ERROR - Error writing line to PDF: Not enough horizontal space to render a single character
2025-03-09 15:37:05,038 - root - ERROR - Error writing line to PDF: Not enough horizontal space to render a single character
2025-03-09 15:37:05,039 - root - ERROR - Error writing line to PDF: Not enough horizontal space to render a single character
2025-03-09 15:37:05,039 - root - ERROR - Error writing line to PDF: Not enough horizontal space to render a single character
2025-03-09 15:37:05,040 - root - ERROR - Error writing line to PDF: Not enough horizontal space to render a single character
2025-03-09 15:37:05,041 - root - ERROR - Error writing line to PDF: Not enough horizontal space to render a single character
2025-03-09 15:37:05,042 - root - ERROR - Error writing line to PDF: Not enough horizontal space to render a single character
2025-03-09 15:37:05,042 - root - ERROR - Error writing line to PDF: Not enough horizontal space to render a single character
2025-03-09 15:37:05,042 - root - ERROR - Error writing line to PDF: Not enough horizontal space to render a single character
2025-03-09 15:37:05,043 - root - ERROR - Error writing line to PDF: Not enough horizontal space to render a single character
2025-03-09 15:37:05,045 - root - ERROR - Error writing line to PDF: Not enough horizontal space to render a single character
2025-03-09 15:37:05,046 - root - ERROR - Error writing line to PDF: Not enough horizontal space to render a single character
2025-03-09 15:37:05,046 - root - ERROR - Error writing line to PDF: Not enough horizontal space to render a single character
2025-03-09 15:37:05,049 - root - ERROR - Error writing line to PDF: Not enough horizontal space to render a single character
2025-03-09 15:37:05,050 - root - ERROR - Error writing line to PDF: Not enough horizontal space to render a single character
2025-03-09 15:37:05,051 - root - ERROR - Error writing line to PDF: Not enough horizontal space to render a single character
2025-03-09 15:37:05,051 - root - ERROR - Error writing line to PDF: Not enough horizontal space to render a single character
2025-03-09 15:37:05,051 - root - ERROR - Error writing line to PDF: Not enough horizontal space to render a single character
2025-03-09 15:37:05,053 - root - ERROR - Error writing line to PDF: Not enough horizontal space to render a single character
2025-03-09 15:37:05,054 - root - ERROR - Error writing line to PDF: Not enough horizontal space to render a single character
2025-03-09 15:37:05,054 - root - ERROR - Error writing line to PDF: Not enough horizontal space to render a single character
2025-03-09 15:37:05,054 - root - ERROR - Error writing line to PDF: Not enough horizontal space to render a single character
2025-03-09 15:37:05,055 - root - ERROR - Error writing line to PDF: Not enough horizontal space to render a single character
2025-03-09 15:37:05,056 - root - ERROR - Error writing line to PDF: Not enough horizontal space to render a single character
2025-03-09 15:37:05,057 - root - ERROR - Error writing line to PDF: Not enough horizontal space to render a single character
2025-03-09 15:37:05,057 - root - ERROR - Error writing line to PDF: Not enough horizontal space to render a single character
2025-03-09 15:37:05,059 - root - ERROR - Error writing line to PDF: Not enough horizontal space to render a single character
2025-03-09 15:37:05,060 - root - ERROR - Error writing line to PDF: Not enough horizontal space to render a single character
2025-03-09 15:37:05,062 - root - ERROR - Error writing line to PDF: Not enough horizontal space to render a single character
2025-03-09 15:37:05,063 - root - ERROR - Error writing line to PDF: Not enough horizontal space to render a single character
2025-03-09 15:37:05,063 - root - ERROR - Error writing line to PDF: Not enough horizontal space to render a single character
2025-03-09 15:37:05,063 - root - ERROR - Error writing line to PDF: Not enough horizontal space to render a single character
2025-03-09 15:37:05,064 - root - ERROR - Error writing line to PDF: Not enough horizontal space to render a single character
2025-03-09 15:37:05,065 - root - ERROR - Error writing line to PDF: Not enough horizontal space to render a single character
2025-03-09 15:37:05,065 - root - ERROR - Error writing line to PDF: Not enough horizontal space to render a single character
2025-03-09 15:37:05,067 - root - ERROR - Error writing line to PDF: Not enough horizontal space to render a single character
2025-03-09 15:37:05,067 - root - ERROR - Error writing line to PDF: Not enough horizontal space to render a single character
2025-03-09 15:37:05,068 - root - ERROR - Error writing line to PDF: Not enough horizontal space to render a single character
2025-03-09 15:37:05,069 - root - ERROR - Error writing line to PDF: Not enough horizontal space to render a single character
2025-03-09 15:37:05,071 - root - ERROR - Error writing line to PDF: Not enough horizontal space to render a single character
2025-03-09 15:37:05,072 - root - ERROR - Error writing line to PDF: Not enough horizontal space to render a single character
2025-03-09 15:37:05,073 - root - ERROR - Error writing line to PDF: Not enough horizontal space to render a single character
2025-03-09 15:37:05,074 - root - ERROR - Error writing line to PDF: Not enough horizontal space to render a single character
2025-03-09 15:37:05,074 - root - ERROR - Error writing line to PDF: Not enough horizontal space to render a single character
2025-03-09 15:37:05,074 - root - ERROR - Error writing line to PDF: Not enough horizontal space to render a single character
2025-03-09 15:37:05,076 - root - ERROR - Error writing line to PDF: Not enough horizontal space to render a single character
2025-03-09 15:37:05,077 - root - ERROR - Error writing line to PDF: Not enough horizontal space to render a single character
2025-03-09 15:37:05,077 - root - ERROR - Error writing line to PDF: Not enough horizontal space to render a single character
2025-03-09 15:37:05,079 - root - ERROR - Error writing line to PDF: Not enough horizontal space to render a single character
2025-03-09 15:37:05,079 - root - ERROR - Error writing line to PDF: Not enough horizontal space to render a single character
2025-03-09 15:37:05,080 - root - ERROR - Error writing line to PDF: Not enough horizontal space to render a single character
2025-03-09 15:37:05,081 - root - ERROR - Error writing line to PDF: Not enough horizontal space to render a single character
2025-03-09 15:37:05,081 - root - ERROR - Error writing line to PDF: Not enough horizontal space to render a single character
2025-03-09 15:37:05,082 - root - ERROR - Error writing line to PDF: Not enough horizontal space to render a single character
2025-03-09 15:37:05,083 - root - ERROR - Error writing line to PDF: Not enough horizontal space to render a single character
2025-03-09 15:37:05,083 - root - ERROR - Error writing line to PDF: Not enough horizontal space to render a single character
2025-03-09 15:37:05,084 - root - ERROR - Error writing line to PDF: Not enough horizontal space to render a single character
2025-03-09 15:37:05,084 - root - ERROR - Error writing line to PDF: Not enough horizontal space to render a single character
2025-03-09 15:37:05,085 - root - ERROR - Error writing line to PDF: Not enough horizontal space to render a single character
2025-03-09 15:37:05,086 - root - ERROR - Error writing line to PDF: Not enough horizontal space to render a single character
2025-03-09 15:37:05,086 - root - ERROR - Error writing line to PDF: Not enough horizontal space to render a single character
2025-03-09 15:37:05,087 - root - ERROR - Error writing line to PDF: Not enough horizontal space to render a single character
2025-03-09 15:37:05,087 - root - ERROR - Error writing line to PDF: Not enough horizontal space to render a single character
2025-03-09 15:37:05,088 - root - ERROR - Error writing line to PDF: Not enough horizontal space to render a single character
2025-03-09 15:37:05,089 - root - ERROR - Error writing line to PDF: Not enough horizontal space to render a single character
2025-03-09 15:37:05,089 - root - ERROR - Error writing line to PDF: Not enough horizontal space to render a single character
2025-03-09 15:37:05,093 - root - ERROR - Error writing line to PDF: Not enough horizontal space to render a single character
2025-03-09 15:37:05,094 - root - ERROR - Error writing line to PDF: Not enough horizontal space to render a single character
2025-03-09 15:37:05,095 - root - ERROR - Error writing line to PDF: Not enough horizontal space to render a single character
2025-03-09 15:37:05,096 - root - ERROR - Error writing line to PDF: Not enough horizontal space to render a single character
2025-03-09 15:37:05,097 - root - ERROR - Error writing line to PDF: Not enough horizontal space to render a single character
2025-03-09 15:37:05,097 - root - ERROR - Error writing line to PDF: Not enough horizontal space to render a single character
2025-03-09 15:37:05,097 - root - ERROR - Error writing line to PDF: Not enough horizontal space to render a single character
2025-03-09 15:37:05,099 - root - ERROR - Error writing line to PDF: Not enough horizontal space to render a single character
2025-03-09 15:37:05,099 - root - ERROR - Error writing line to PDF: Not enough horizontal space to render a single character
2025-03-09 15:37:05,100 - root - ERROR - Error writing line to PDF: Not enough horizontal space to render a single character
2025-03-09 15:37:05,100 - root - ERROR - Error writing line to PDF: Not enough horizontal space to render a single character
2025-03-09 15:37:05,100 - root - ERROR - Error writing line to PDF: Not enough horizontal space to render a single character
2025-03-09 15:37:05,102 - root - ERROR - Error writing line to PDF: Not enough horizontal space to render a single character
2025-03-09 15:37:05,103 - root - ERROR - Error writing line to PDF: Not enough horizontal space to render a single character
2025-03-09 15:37:05,103 - root - ERROR - Error writing line to PDF: Not enough horizontal space to render a single character
2025-03-09 15:37:05,104 - root - ERROR - Error writing line to PDF: Not enough horizontal space to render a single character
2025-03-09 15:37:05,104 - root - ERROR - Error writing line to PDF: Not enough horizontal space to render a single character
2025-03-09 15:37:05,105 - root - ERROR - Error writing line to PDF: Not enough horizontal space to render a single character
2025-03-09 15:37:05,105 - root - ERROR - Error writing line to PDF: Not enough horizontal space to render a single character
2025-03-09 15:37:05,106 - root - ERROR - Error writing line to PDF: Not enough horizontal space to render a single character
2025-03-09 15:37:05,107 - root - ERROR - Error writing line to PDF: Not enough horizontal space to render a single character
2025-03-09 15:37:05,107 - root - ERROR - Error writing line to PDF: Not enough horizontal space to render a single character
2025-03-09 15:37:05,109 - root - ERROR - Error writing line to PDF: Not enough horizontal space to render a single character
2025-03-09 15:37:05,109 - root - ERROR - Error writing line to PDF: Not enough horizontal space to render a single character
2025-03-09 15:37:05,110 - root - ERROR - Error writing line to PDF: Not enough horizontal space to render a single character
2025-03-09 15:37:05,110 - root - ERROR - Error writing line to PDF: Not enough horizontal space to render a single character
2025-03-09 15:37:05,112 - root - ERROR - Error writing line to PDF: Not enough horizontal space to render a single character
2025-03-09 15:37:05,113 - root - ERROR - Error writing line to PDF: Not enough horizontal space to render a single character
2025-03-09 15:37:05,113 - root - ERROR - Error writing line to PDF: Not enough horizontal space to render a single character
2025-03-09 15:37:05,114 - root - ERROR - Error writing line to PDF: Not enough horizontal space to render a single character
2025-03-09 15:37:05,114 - root - ERROR - Error writing line to PDF: Not enough horizontal space to render a single character
2025-03-09 15:37:05,115 - root - ERROR - Error writing line to PDF: Not enough horizontal space to render a single character
2025-03-09 15:37:05,116 - root - ERROR - Error writing line to PDF: Not enough horizontal space to render a single character
2025-03-09 15:37:05,116 - root - ERROR - Error writing line to PDF: Not enough horizontal space to render a single character
2025-03-09 15:37:05,118 - root - ERROR - Error writing line to PDF: Not enough horizontal space to render a single character
2025-03-09 15:37:05,118 - root - ERROR - Error writing line to PDF: Not enough horizontal space to render a single character
2025-03-09 15:37:05,118 - root - ERROR - Error writing line to PDF: Not enough horizontal space to render a single character
2025-03-09 15:37:05,119 - root - ERROR - Error writing line to PDF: Not enough horizontal space to render a single character
2025-03-09 15:37:05,119 - root - ERROR - Error writing line to PDF: Not enough horizontal space to render a single character
2025-03-09 15:37:05,119 - root - ERROR - Error writing line to PDF: Not enough horizontal space to render a single character
2025-03-09 15:37:05,119 - root - ERROR - Error writing line to PDF: Not enough horizontal space to render a single character
2025-03-09 15:37:05,121 - root - ERROR - Error writing line to PDF: Not enough horizontal space to render a single character
2025-03-09 15:37:05,122 - root - ERROR - Error writing line to PDF: Not enough horizontal space to render a single character
2025-03-09 15:37:05,122 - root - ERROR - Error writing line to PDF: Not enough horizontal space to render a single character
2025-03-09 15:37:05,123 - root - ERROR - Error writing line to PDF: Not enough horizontal space to render a single character
2025-03-09 15:37:05,125 - root - ERROR - Error writing line to PDF: Not enough horizontal space to render a single character
2025-03-09 15:37:05,126 - root - ERROR - Error writing line to PDF: Not enough horizontal space to render a single character
2025-03-09 15:37:05,127 - root - ERROR - Error writing line to PDF: Not enough horizontal space to render a single character
2025-03-09 15:37:05,128 - root - ERROR - Error writing line to PDF: Not enough horizontal space to render a single character
2025-03-09 15:37:05,129 - root - ERROR - Error writing line to PDF: Not enough horizontal space to render a single character
2025-03-09 15:37:05,129 - root - ERROR - Error writing line to PDF: Not enough horizontal space to render a single character
2025-03-09 15:37:05,130 - root - ERROR - Error writing line to PDF: Not enough horizontal space to render a single character
2025-03-09 15:37:05,130 - root - ERROR - Error writing line to PDF: Not enough horizontal space to render a single character
2025-03-09 15:37:05,132 - root - ERROR - Error writing line to PDF: Not enough horizontal space to render a single character
2025-03-09 15:37:05,133 - root - ERROR - Error writing line to PDF: Not enough horizontal space to render a single character
2025-03-09 15:37:05,134 - root - ERROR - Error writing line to PDF: Not enough horizontal space to render a single character
2025-03-09 15:37:05,134 - root - ERROR - Error writing line to PDF: Not enough horizontal space to render a single character
2025-03-09 15:37:05,135 - root - ERROR - Error writing line to PDF: Not enough horizontal space to render a single character
2025-03-09 15:37:05,136 - root - ERROR - Error writing line to PDF: Not enough horizontal space to render a single character
2025-03-09 15:37:05,136 - root - ERROR - Error writing line to PDF: Not enough horizontal space to render a single character
2025-03-09 15:37:05,137 - root - ERROR - Error writing line to PDF: Not enough horizontal space to render a single character
2025-03-09 15:37:05,137 - root - ERROR - Error writing line to PDF: Not enough horizontal space to render a single character
2025-03-09 15:37:05,138 - root - ERROR - Error writing line to PDF: Not enough horizontal space to render a single character
2025-03-09 15:37:05,138 - root - ERROR - Error writing line to PDF: Not enough horizontal space to render a single character
2025-03-09 15:37:05,138 - root - ERROR - Error writing line to PDF: Not enough horizontal space to render a single character
2025-03-09 15:37:05,139 - root - ERROR - Error writing line to PDF: Not enough horizontal space to render a single character
2025-03-09 15:37:05,139 - root - ERROR - Error writing line to PDF: Not enough horizontal space to render a single character
2025-03-09 15:37:05,140 - root - ERROR - Error writing line to PDF: Not enough horizontal space to render a single character
2025-03-09 15:37:05,140 - root - ERROR - Error writing line to PDF: Not enough horizontal space to render a single character
2025-03-09 15:37:05,141 - root - ERROR - Error writing line to PDF: Not enough horizontal space to render a single character
2025-03-09 15:37:05,142 - root - ERROR - Error writing line to PDF: Not enough horizontal space to render a single character
2025-03-09 15:37:05,142 - root - ERROR - Error writing line to PDF: Not enough horizontal space to render a single character
2025-03-09 15:37:05,143 - root - ERROR - Error writing line to PDF: Not enough horizontal space to render a single character
2025-03-09 15:37:05,143 - root - ERROR - Error writing line to PDF: Not enough horizontal space to render a single character
2025-03-09 15:37:05,144 - root - ERROR - Error writing line to PDF: Not enough horizontal space to render a single character
2025-03-09 15:37:05,145 - root - ERROR - Error writing line to PDF: Not enough horizontal space to render a single character
2025-03-09 15:37:05,145 - root - ERROR - Error writing line to PDF: Not enough horizontal space to render a single character
2025-03-09 15:37:05,146 - root - ERROR - Error writing line to PDF: Not enough horizontal space to render a single character
2025-03-09 15:37:05,146 - root - ERROR - Error writing line to PDF: Not enough horizontal space to render a single character
2025-03-09 15:37:05,148 - root - ERROR - Error writing line to PDF: Not enough horizontal space to render a single character
2025-03-09 15:37:05,148 - root - ERROR - Error writing line to PDF: Not enough horizontal space to render a single character
2025-03-09 15:37:05,149 - root - ERROR - Error writing line to PDF: Not enough horizontal space to render a single character
2025-03-09 15:37:05,150 - root - ERROR - Error writing line to PDF: Not enough horizontal space to render a single character
2025-03-09 15:37:05,150 - root - ERROR - Error writing line to PDF: Not enough horizontal space to render a single character
2025-03-09 15:37:05,150 - root - ERROR - Error writing line to PDF: Not enough horizontal space to render a single character
2025-03-09 15:37:05,151 - root - ERROR - Error writing line to PDF: Not enough horizontal space to render a single character
2025-03-09 15:37:05,151 - root - ERROR - Error writing line to PDF: Not enough horizontal space to render a single character
2025-03-09 15:37:05,151 - root - ERROR - Error writing line to PDF: Not enough horizontal space to render a single character
2025-03-09 15:37:05,153 - root - ERROR - Error writing line to PDF: Not enough horizontal space to render a single character
2025-03-09 15:37:05,154 - root - ERROR - Error writing line to PDF: Not enough horizontal space to render a single character
2025-03-09 15:37:05,154 - root - ERROR - Error writing line to PDF: Not enough horizontal space to render a single character
2025-03-09 15:37:05,155 - root - ERROR - Error writing line to PDF: Not enough horizontal space to render a single character
2025-03-09 15:37:05,155 - root - ERROR - Error writing line to PDF: Not enough horizontal space to render a single character
2025-03-09 15:37:05,157 - root - ERROR - Error writing line to PDF: Not enough horizontal space to render a single character
2025-03-09 15:37:05,157 - root - ERROR - Error writing line to PDF: Not enough horizontal space to render a single character
2025-03-09 15:37:05,158 - root - ERROR - Error writing line to PDF: Not enough horizontal space to render a single character
2025-03-09 15:37:05,159 - root - ERROR - Error writing line to PDF: Not enough horizontal space to render a single character
2025-03-09 15:37:05,159 - root - ERROR - Error writing line to PDF: Not enough horizontal space to render a single character
2025-03-09 15:37:05,159 - root - ERROR - Error writing line to PDF: Not enough horizontal space to render a single character
2025-03-09 15:37:05,161 - root - ERROR - Error writing line to PDF: Not enough horizontal space to render a single character
2025-03-09 15:37:05,162 - root - ERROR - Error writing line to PDF: Not enough horizontal space to render a single character
2025-03-09 15:37:05,163 - root - ERROR - Error writing line to PDF: Not enough horizontal space to render a single character
2025-03-09 15:37:05,164 - root - ERROR - Error writing line to PDF: Not enough horizontal space to render a single character
2025-03-09 15:37:05,164 - root - ERROR - Error writing line to PDF: Not enough horizontal space to render a single character
2025-03-09 15:37:05,165 - root - ERROR - Error writing line to PDF: Not enough horizontal space to render a single character
2025-03-09 15:37:05,165 - root - ERROR - Error writing line to PDF: Not enough horizontal space to render a single character
2025-03-09 15:37:05,166 - root - ERROR - Error writing line to PDF: Not enough horizontal space to render a single character
2025-03-09 15:37:05,166 - root - ERROR - Error writing line to PDF: Not enough horizontal space to render a single character
2025-03-09 15:37:05,167 - root - ERROR - Error writing line to PDF: Not enough horizontal space to render a single character
2025-03-09 15:37:05,167 - root - ERROR - Error writing line to PDF: Not enough horizontal space to render a single character
2025-03-09 15:37:05,167 - root - ERROR - Error writing line to PDF: Not enough horizontal space to render a single character
2025-03-09 15:37:05,168 - root - ERROR - Error writing line to PDF: Not enough horizontal space to render a single character
2025-03-09 15:37:05,168 - root - ERROR - Error writing line to PDF: Not enough horizontal space to render a single character
2025-03-09 15:37:05,170 - root - ERROR - Error writing line to PDF: Not enough horizontal space to render a single character
2025-03-09 15:37:05,171 - root - ERROR - Error writing line to PDF: Not enough horizontal space to render a single character
2025-03-09 15:37:05,171 - root - ERROR - Error writing line to PDF: Not enough horizontal space to render a single character
2025-03-09 15:37:05,171 - root - ERROR - Error writing line to PDF: Not enough horizontal space to render a single character
2025-03-09 15:37:05,173 - root - ERROR - Error writing line to PDF: Not enough horizontal space to render a single character
2025-03-09 15:37:05,173 - root - ERROR - Error writing line to PDF: Not enough horizontal space to render a single character
2025-03-09 15:37:05,175 - root - ERROR - Error writing line to PDF: Not enough horizontal space to render a single character
2025-03-09 15:37:05,176 - root - ERROR - Error writing line to PDF: Not enough horizontal space to render a single character
2025-03-09 15:37:05,176 - root - ERROR - Error writing line to PDF: Not enough horizontal space to render a single character
2025-03-09 15:37:05,177 - root - ERROR - Error writing line to PDF: Not enough horizontal space to render a single character
2025-03-09 15:37:05,177 - root - ERROR - Error writing line to PDF: Not enough horizontal space to render a single character
2025-03-09 15:37:05,178 - root - ERROR - Error writing line to PDF: Not enough horizontal space to render a single character
2025-03-09 15:37:05,180 - root - ERROR - Error writing line to PDF: Not enough horizontal space to render a single character
2025-03-09 15:37:05,180 - root - ERROR - Error writing line to PDF: Not enough horizontal space to render a single character
2025-03-09 15:37:05,180 - root - ERROR - Error writing line to PDF: Not enough horizontal space to render a single character
2025-03-09 15:37:05,181 - root - ERROR - Error writing line to PDF: Not enough horizontal space to render a single character
2025-03-09 15:37:05,181 - root - ERROR - Error writing line to PDF: Not enough horizontal space to render a single character
2025-03-09 15:37:05,181 - root - ERROR - Error writing line to PDF: Not enough horizontal space to render a single character
2025-03-09 15:37:05,183 - root - ERROR - Error writing line to PDF: Not enough horizontal space to render a single character
2025-03-09 15:37:05,183 - root - ERROR - Error writing line to PDF: Not enough horizontal space to render a single character
2025-03-09 15:41:27,854 - root - INFO - Starting HawkVance AI
2025-03-09 15:41:27,900 - root - INFO - Tesseract OCR initialized successfully (version: 5.5.0.20241111)
2025-03-09 15:41:27,901 - root - INFO - Gemini 2.0 API initialized successfully
2025-03-09 15:44:19,614 - root - ERROR - Error writing line to PDF: Not enough horizontal space to render a single character
2025-03-09 15:44:19,614 - root - ERROR - Error writing line to PDF: Not enough horizontal space to render a single character
2025-03-09 15:44:19,616 - root - ERROR - Error writing line to PDF: Not enough horizontal space to render a single character
2025-03-09 15:44:19,616 - root - ERROR - Error writing line to PDF: Not enough horizontal space to render a single character
2025-03-09 15:44:19,617 - root - ERROR - Error writing line to PDF: Not enough horizontal space to render a single character
2025-03-09 15:44:19,617 - root - ERROR - Error writing line to PDF: Not enough horizontal space to render a single character
2025-03-09 15:44:19,618 - root - ERROR - Error writing line to PDF: Not enough horizontal space to render a single character
2025-03-09 15:44:19,619 - root - ERROR - Error writing line to PDF: Not enough horizontal space to render a single character
2025-03-09 15:44:19,619 - root - ERROR - Error writing line to PDF: Not enough horizontal space to render a single character
2025-03-09 15:44:19,620 - root - ERROR - Error writing line to PDF: Not enough horizontal space to render a single character
2025-03-09 15:44:19,620 - root - ERROR - Error writing line to PDF: Not enough horizontal space to render a single character
2025-03-09 15:44:19,620 - root - ERROR - Error writing line to PDF: Not enough horizontal space to render a single character
2025-03-09 15:44:19,622 - root - ERROR - Error writing line to PDF: Not enough horizontal space to render a single character
2025-03-09 15:44:19,623 - root - ERROR - Error writing line to PDF: Not enough horizontal space to render a single character
2025-03-09 15:44:19,623 - root - ERROR - Error writing line to PDF: Not enough horizontal space to render a single character
2025-03-09 15:44:19,624 - root - ERROR - Error writing line to PDF: Not enough horizontal space to render a single character
2025-03-09 15:44:19,624 - root - ERROR - Error writing line to PDF: Not enough horizontal space to render a single character
2025-03-09 15:44:19,626 - root - ERROR - Error writing line to PDF: Not enough horizontal space to render a single character
2025-03-09 15:44:19,627 - root - ERROR - Error writing line to PDF: Not enough horizontal space to render a single character
2025-03-09 15:44:19,628 - root - ERROR - Error writing line to PDF: Not enough horizontal space to render a single character
2025-03-09 15:44:19,629 - root - ERROR - Error writing line to PDF: Not enough horizontal space to render a single character
2025-03-09 15:44:19,629 - root - ERROR - Error writing line to PDF: Not enough horizontal space to render a single character
2025-03-09 15:44:19,631 - root - ERROR - Error writing line to PDF: Not enough horizontal space to render a single character
2025-03-09 15:44:19,631 - root - ERROR - Error writing line to PDF: Not enough horizontal space to render a single character
2025-03-09 15:44:19,632 - root - ERROR - Error writing line to PDF: Not enough horizontal space to render a single character
2025-03-09 15:44:19,632 - root - ERROR - Error writing line to PDF: Not enough horizontal space to render a single character
2025-03-09 15:44:19,633 - root - ERROR - Error writing line to PDF: Not enough horizontal space to render a single character
2025-03-09 15:44:19,633 - root - ERROR - Error writing line to PDF: Not enough horizontal space to render a single character
2025-03-09 15:44:19,634 - root - ERROR - Error writing line to PDF: Not enough horizontal space to render a single character
2025-03-09 15:44:19,635 - root - ERROR - Error writing line to PDF: Not enough horizontal space to render a single character
2025-03-09 15:44:19,635 - root - ERROR - Error writing line to PDF: Not enough horizontal space to render a single character
2025-03-09 15:44:19,637 - root - ERROR - Error writing line to PDF: Not enough horizontal space to render a single character
2025-03-09 15:44:19,637 - root - ERROR - Error writing line to PDF: Not enough horizontal space to render a single character
2025-03-09 15:44:19,638 - root - ERROR - Error writing line to PDF: Not enough horizontal space to render a single character
2025-03-09 15:44:19,638 - root - ERROR - Error writing line to PDF: Not enough horizontal space to render a single character
2025-03-09 15:44:19,639 - root - ERROR - Error writing line to PDF: Not enough horizontal space to render a single character
2025-03-09 15:44:19,639 - root - ERROR - Error writing line to PDF: Not enough horizontal space to render a single character
2025-03-09 15:44:19,640 - root - ERROR - Error writing line to PDF: Not enough horizontal space to render a single character
2025-03-09 15:44:19,642 - root - ERROR - Error writing line to PDF: Not enough horizontal space to render a single character
2025-03-09 15:44:19,642 - root - ERROR - Error writing line to PDF: Not enough horizontal space to render a single character
2025-03-09 15:44:19,644 - root - ERROR - Error writing line to PDF: Not enough horizontal space to render a single character
2025-03-09 15:44:19,645 - root - ERROR - Error writing line to PDF: Not enough horizontal space to render a single character
2025-03-09 15:44:19,645 - root - ERROR - Error writing line to PDF: Not enough horizontal space to render a single character
2025-03-09 15:44:19,645 - root - ERROR - Error writing line to PDF: Not enough horizontal space to render a single character
2025-03-09 15:44:19,646 - root - ERROR - Error writing line to PDF: Not enough horizontal space to render a single character
2025-03-09 15:44:19,647 - root - ERROR - Error writing line to PDF: Not enough horizontal space to render a single character
2025-03-09 15:44:19,647 - root - ERROR - Error writing line to PDF: Not enough horizontal space to render a single character
2025-03-09 15:44:19,648 - root - ERROR - Error writing line to PDF: Not enough horizontal space to render a single character
2025-03-09 15:44:19,648 - root - ERROR - Error writing line to PDF: Not enough horizontal space to render a single character
2025-03-09 15:44:19,650 - root - ERROR - Error writing line to PDF: Not enough horizontal space to render a single character
2025-03-09 15:44:19,651 - root - ERROR - Error writing line to PDF: Not enough horizontal space to render a single character
2025-03-09 15:44:19,651 - root - ERROR - Error writing line to PDF: Not enough horizontal space to render a single character
2025-03-09 15:44:19,653 - root - ERROR - Error writing line to PDF: Not enough horizontal space to render a single character
2025-03-09 15:44:19,653 - root - ERROR - Error writing line to PDF: Not enough horizontal space to render a single character
2025-03-09 15:44:19,654 - root - ERROR - Error writing line to PDF: Not enough horizontal space to render a single character
2025-03-09 15:44:19,654 - root - ERROR - Error writing line to PDF: Not enough horizontal space to render a single character
2025-03-09 15:44:19,655 - root - ERROR - Error writing line to PDF: Not enough horizontal space to render a single character
2025-03-09 15:44:19,655 - root - ERROR - Error writing line to PDF: Not enough horizontal space to render a single character
2025-03-09 15:44:19,655 - root - ERROR - Error writing line to PDF: Not enough horizontal space to render a single character
2025-03-09 15:44:19,657 - root - ERROR - Error writing line to PDF: Not enough horizontal space to render a single character
2025-03-09 15:44:19,657 - root - ERROR - Error writing line to PDF: Not enough horizontal space to render a single character
2025-03-09 15:44:19,658 - root - ERROR - Error writing line to PDF: Not enough horizontal space to render a single character
2025-03-09 15:44:19,659 - root - ERROR - Error writing line to PDF: Not enough horizontal space to render a single character
2025-03-09 15:44:19,660 - root - ERROR - Error writing line to PDF: Not enough horizontal space to render a single character
2025-03-09 15:44:19,660 - root - ERROR - Error writing line to PDF: Not enough horizontal space to render a single character
2025-03-09 15:44:19,663 - root - ERROR - Error writing line to PDF: Not enough horizontal space to render a single character
2025-03-09 15:44:19,663 - root - ERROR - Error writing line to PDF: Not enough horizontal space to render a single character
2025-03-09 15:44:19,665 - root - ERROR - Error writing line to PDF: Not enough horizontal space to render a single character
2025-03-09 15:44:19,665 - root - ERROR - Error writing line to PDF: Not enough horizontal space to render a single character
2025-03-09 15:44:19,666 - root - ERROR - Error writing line to PDF: Not enough horizontal space to render a single character
2025-03-09 15:44:19,666 - root - ERROR - Error writing line to PDF: Not enough horizontal space to render a single character
2025-03-09 15:44:19,668 - root - ERROR - Error writing line to PDF: Not enough horizontal space to render a single character
2025-03-09 15:44:19,668 - root - ERROR - Error writing line to PDF: Not enough horizontal space to render a single character
2025-03-09 15:44:19,669 - root - ERROR - Error writing line to PDF: Not enough horizontal space to render a single character
2025-03-09 15:44:19,669 - root - ERROR - Error writing line to PDF: Not enough horizontal space to render a single character
2025-03-09 15:44:19,670 - root - ERROR - Error writing line to PDF: Not enough horizontal space to render a single character
2025-03-09 15:44:19,670 - root - ERROR - Error writing line to PDF: Not enough horizontal space to render a single character
2025-03-09 15:44:19,671 - root - ERROR - Error writing line to PDF: Not enough horizontal space to render a single character
2025-03-09 15:44:19,672 - root - ERROR - Error writing line to PDF: Not enough horizontal space to render a single character
2025-03-09 15:44:19,672 - root - ERROR - Error writing line to PDF: Not enough horizontal space to render a single character
2025-03-09 15:44:19,672 - root - ERROR - Error writing line to PDF: Not enough horizontal space to render a single character
2025-03-09 15:44:19,674 - root - ERROR - Error writing line to PDF: Not enough horizontal space to render a single character
2025-03-09 15:44:19,674 - root - ERROR - Error writing line to PDF: Not enough horizontal space to render a single character
2025-03-09 15:44:19,675 - root - ERROR - Error writing line to PDF: Not enough horizontal space to render a single character
2025-03-09 15:44:19,675 - root - ERROR - Error writing line to PDF: Not enough horizontal space to render a single character
2025-03-09 15:44:19,677 - root - ERROR - Error writing line to PDF: Not enough horizontal space to render a single character
2025-03-09 15:44:19,678 - root - ERROR - Error writing line to PDF: Not enough horizontal space to render a single character
2025-03-09 15:44:19,679 - root - ERROR - Error writing line to PDF: Not enough horizontal space to render a single character
2025-03-09 15:44:19,680 - root - ERROR - Error writing line to PDF: Not enough horizontal space to render a single character
2025-03-09 15:44:19,680 - root - ERROR - Error writing line to PDF: Not enough horizontal space to render a single character
2025-03-09 15:44:19,682 - root - ERROR - Error writing line to PDF: Not enough horizontal space to render a single character
2025-03-09 15:44:19,682 - root - ERROR - Error writing line to PDF: Not enough horizontal space to render a single character
2025-03-09 15:44:19,683 - root - ERROR - Error writing line to PDF: Not enough horizontal space to render a single character
2025-03-09 15:44:19,683 - root - ERROR - Error writing line to PDF: Not enough horizontal space to render a single character
2025-03-09 15:44:19,683 - root - ERROR - Error writing line to PDF: Not enough horizontal space to render a single character
2025-03-09 15:44:19,685 - root - ERROR - Error writing line to PDF: Not enough horizontal space to render a single character
2025-03-09 15:44:19,686 - root - ERROR - Error writing line to PDF: Not enough horizontal space to render a single character
2025-03-09 15:44:19,686 - root - ERROR - Error writing line to PDF: Not enough horizontal space to render a single character
2025-03-09 15:44:19,687 - root - ERROR - Error writing line to PDF: Not enough horizontal space to render a single character
2025-03-09 15:44:19,688 - root - ERROR - Error writing line to PDF: Not enough horizontal space to render a single character
2025-03-09 15:44:19,688 - root - ERROR - Error writing line to PDF: Not enough horizontal space to render a single character
2025-03-09 15:44:19,689 - root - ERROR - Error writing line to PDF: Not enough horizontal space to render a single character
2025-03-09 15:44:19,689 - root - ERROR - Error writing line to PDF: Not enough horizontal space to render a single character
2025-03-09 15:44:19,689 - root - ERROR - Error writing line to PDF: Not enough horizontal space to render a single character
2025-03-09 15:44:19,690 - root - ERROR - Error writing line to PDF: Not enough horizontal space to render a single character
2025-03-09 15:44:19,690 - root - ERROR - Error writing line to PDF: Not enough horizontal space to render a single character
2025-03-09 15:44:19,692 - root - ERROR - Error writing line to PDF: Not enough horizontal space to render a single character
2025-03-09 15:44:19,692 - root - ERROR - Error writing line to PDF: Not enough horizontal space to render a single character
2025-03-09 15:44:19,693 - root - ERROR - Error writing line to PDF: Not enough horizontal space to render a single character
2025-03-09 15:44:19,694 - root - ERROR - Error writing line to PDF: Not enough horizontal space to render a single character
2025-03-09 15:44:19,694 - root - ERROR - Error writing line to PDF: Not enough horizontal space to render a single character
2025-03-09 15:44:19,695 - root - ERROR - Error writing line to PDF: Not enough horizontal space to render a single character
2025-03-09 15:44:19,695 - root - ERROR - Error writing line to PDF: Not enough horizontal space to render a single character
2025-03-09 15:44:19,696 - root - ERROR - Error writing line to PDF: Not enough horizontal space to render a single character
2025-03-09 15:44:19,698 - root - ERROR - Error writing line to PDF: Not enough horizontal space to render a single character
2025-03-09 15:44:19,698 - root - ERROR - Error writing line to PDF: Not enough horizontal space to render a single character
2025-03-09 15:44:19,699 - root - ERROR - Error writing line to PDF: Not enough horizontal space to render a single character
2025-03-09 15:44:19,699 - root - ERROR - Error writing line to PDF: Not enough horizontal space to render a single character
2025-03-09 15:44:19,701 - root - ERROR - Error writing line to PDF: Not enough horizontal space to render a single character
2025-03-09 15:44:19,701 - root - ERROR - Error writing line to PDF: Not enough horizontal space to render a single character
2025-03-09 15:44:19,702 - root - ERROR - Error writing line to PDF: Not enough horizontal space to render a single character
2025-03-09 15:44:19,702 - root - ERROR - Error writing line to PDF: Not enough horizontal space to render a single character
2025-03-09 15:44:19,704 - root - ERROR - Error writing line to PDF: Not enough horizontal space to render a single character
2025-03-09 15:44:19,704 - root - ERROR - Error writing line to PDF: Not enough horizontal space to render a single character
2025-03-09 15:44:19,705 - root - ERROR - Error writing line to PDF: Not enough horizontal space to render a single character
2025-03-09 15:44:19,705 - root - ERROR - Error writing line to PDF: Not enough horizontal space to render a single character
2025-03-09 15:44:19,706 - root - ERROR - Error writing line to PDF: Not enough horizontal space to render a single character
2025-03-09 15:44:19,706 - root - ERROR - Error writing line to PDF: Not enough horizontal space to render a single character
2025-03-09 15:44:19,707 - root - ERROR - Error writing line to PDF: Not enough horizontal space to render a single character
2025-03-09 15:44:19,708 - root - ERROR - Error writing line to PDF: Not enough horizontal space to render a single character
2025-03-09 15:44:19,708 - root - ERROR - Error writing line to PDF: Not enough horizontal space to render a single character
2025-03-09 15:44:19,708 - root - ERROR - Error writing line to PDF: Not enough horizontal space to render a single character
2025-03-09 15:44:19,708 - root - ERROR - Error writing line to PDF: Not enough horizontal space to render a single character
2025-03-09 15:44:19,710 - root - ERROR - Error writing line to PDF: Not enough horizontal space to render a single character
2025-03-09 15:44:19,710 - root - ERROR - Error writing line to PDF: Not enough horizontal space to render a single character
2025-03-09 15:44:19,711 - root - ERROR - Error writing line to PDF: Not enough horizontal space to render a single character
2025-03-09 15:44:19,711 - root - ERROR - Error writing line to PDF: Not enough horizontal space to render a single character
2025-03-09 15:44:19,713 - root - ERROR - Error writing line to PDF: Not enough horizontal space to render a single character
2025-03-09 15:44:19,713 - root - ERROR - Error writing line to PDF: Not enough horizontal space to render a single character
2025-03-09 15:44:19,713 - root - ERROR - Error writing line to PDF: Not enough horizontal space to render a single character
2025-03-09 15:44:19,713 - root - ERROR - Error writing line to PDF: Not enough horizontal space to render a single character
2025-03-09 15:44:19,715 - root - ERROR - Error writing line to PDF: Not enough horizontal space to render a single character
2025-03-09 15:44:19,715 - root - ERROR - Error writing line to PDF: Not enough horizontal space to render a single character
2025-03-09 15:44:19,716 - root - ERROR - Error writing line to PDF: Not enough horizontal space to render a single character
2025-03-09 15:44:19,718 - root - ERROR - Error writing line to PDF: Not enough horizontal space to render a single character
2025-03-09 15:44:19,719 - root - ERROR - Error writing line to PDF: Not enough horizontal space to render a single character
2025-03-09 15:44:19,719 - root - ERROR - Error writing line to PDF: Not enough horizontal space to render a single character
2025-03-09 15:44:19,719 - root - ERROR - Error writing line to PDF: Not enough horizontal space to render a single character
2025-03-09 15:44:19,720 - root - ERROR - Error writing line to PDF: Not enough horizontal space to render a single character
2025-03-09 15:44:19,721 - root - ERROR - Error writing line to PDF: Not enough horizontal space to render a single character
2025-03-09 15:44:19,721 - root - ERROR - Error writing line to PDF: Not enough horizontal space to render a single character
2025-03-09 15:44:19,722 - root - ERROR - Error writing line to PDF: Not enough horizontal space to render a single character
2025-03-09 15:44:19,722 - root - ERROR - Error writing line to PDF: Not enough horizontal space to render a single character
2025-03-09 15:44:19,723 - root - ERROR - Error writing line to PDF: Not enough horizontal space to render a single character
2025-03-09 15:44:19,723 - root - ERROR - Error writing line to PDF: Not enough horizontal space to render a single character
2025-03-09 15:44:19,724 - root - ERROR - Error writing line to PDF: Not enough horizontal space to render a single character
2025-03-09 15:44:19,724 - root - ERROR - Error writing line to PDF: Not enough horizontal space to render a single character
2025-03-09 15:44:19,726 - root - ERROR - Error writing line to PDF: Not enough horizontal space to render a single character
2025-03-09 15:44:19,726 - root - ERROR - Error writing line to PDF: Not enough horizontal space to render a single character
2025-03-09 15:44:19,727 - root - ERROR - Error writing line to PDF: Not enough horizontal space to render a single character
2025-03-09 15:44:19,728 - root - ERROR - Error writing line to PDF: Not enough horizontal space to render a single character
2025-03-09 15:44:19,728 - root - ERROR - Error writing line to PDF: Not enough horizontal space to render a single character
2025-03-09 15:44:19,729 - root - ERROR - Error writing line to PDF: Not enough horizontal space to render a single character
2025-03-09 15:44:19,729 - root - ERROR - Error writing line to PDF: Not enough horizontal space to render a single character
2025-03-19 10:51:26,140 - root - INFO - Starting HawkVance AI
2025-03-19 10:51:27,142 - root - INFO - Tesseract OCR initialized successfully (version: 5.5.0.20241111)
2025-03-19 10:51:27,142 - root - INFO - Gemini 2.0 API initialized successfully
2025-03-19 11:26:07,919 - root - INFO - Starting HawkVance AI
2025-03-19 11:26:07,983 - root - INFO - Tesseract OCR initialized successfully (version: 5.5.0.20241111)
2025-03-19 11:26:07,983 - root - INFO - Gemini 2.0 API initialized successfully
2025-03-19 11:45:13,195 - root - INFO - Starting HawkVance AI
2025-03-19 11:45:13,245 - root - INFO - Tesseract OCR initialized successfully (version: 5.5.0.20241111)
2025-03-19 11:45:13,245 - root - INFO - Gemini 2.0 API initialized successfully
2025-03-19 11:49:57,663 - root - INFO - Starting HawkVance AI
2025-03-19 11:49:57,699 - root - INFO - Tesseract OCR initialized successfully (version: 5.5.0.20241111)
2025-03-19 11:49:57,699 - root - INFO - Gemini 2.0 API initialized successfully
2025-03-19 12:00:54,127 - root - INFO - Starting HawkVance AI
2025-03-19 12:00:54,178 - root - INFO - Tesseract OCR initialized successfully (version: 5.5.0.20241111)
2025-03-19 12:00:54,178 - root - INFO - Gemini 2.0 API initialized successfully
2025-03-19 12:00:54,264 - root - ERROR - Application error: 'dark_blackish_purple'
Traceback (most recent call last):
  File "c:\Users\mithu\OneDrive\Desktop\recogP\HawkVanceAI\main.py", line 41, in main
    root = MainWindow()
           ^^^^^^^^^^^^
  File "c:\Users\mithu\OneDrive\Desktop\recogP\HawkVanceAI\src\ui\main_window.py", line 33, in __init__
    self.style = HawkVanceStyle.configure_styles()
                 ^^^^^^^^^^^^^^^^^^^^^^^^^^^^^^^^^
  File "c:\Users\mithu\OneDrive\Desktop\recogP\HawkVanceAI\src\ui\styles.py", line 12, in configure_styles
    royal_bg = THEME['dark_blackish_purple']
               ~~~~~^^^^^^^^^^^^^^^^^^^^^^^^
KeyError: 'dark_blackish_purple'
2025-03-19 12:01:41,033 - root - INFO - Starting HawkVance AI
2025-03-19 12:01:41,071 - root - INFO - Tesseract OCR initialized successfully (version: 5.5.0.20241111)
2025-03-19 12:01:41,071 - root - INFO - Gemini 2.0 API initialized successfully
2025-03-19 12:01:41,162 - root - ERROR - Application error: 'dark_blackish_purple'
Traceback (most recent call last):
  File "c:\Users\mithu\OneDrive\Desktop\recogP\HawkVanceAI\main.py", line 41, in main
    root = MainWindow()
           ^^^^^^^^^^^^
  File "c:\Users\mithu\OneDrive\Desktop\recogP\HawkVanceAI\src\ui\main_window.py", line 33, in __init__
    self.style = HawkVanceStyle.configure_styles()
                 ^^^^^^^^^^^^^^^^^^^^^^^^^^^^^^^^^
  File "c:\Users\mithu\OneDrive\Desktop\recogP\HawkVanceAI\src\ui\styles.py", line 12, in configure_styles
    royal_bg = THEME['dark_blackish_purple']
               ~~~~~^^^^^^^^^^^^^^^^^^^^^^^^
KeyError: 'dark_blackish_purple'
2025-03-19 12:03:05,181 - root - INFO - Starting HawkVance AI
2025-03-19 12:03:05,222 - root - INFO - Tesseract OCR initialized successfully (version: 5.5.0.20241111)
2025-03-19 12:03:05,222 - root - INFO - Gemini 2.0 API initialized successfully
2025-03-19 12:03:05,323 - root - ERROR - Application error: 'background'
Traceback (most recent call last):
  File "c:\Users\mithu\OneDrive\Desktop\recogP\HawkVanceAI\main.py", line 41, in main
    root = MainWindow()
           ^^^^^^^^^^^^
  File "c:\Users\mithu\OneDrive\Desktop\recogP\HawkVanceAI\src\ui\main_window.py", line 41, in __init__
    self._create_main_content()
  File "c:\Users\mithu\OneDrive\Desktop\recogP\HawkVanceAI\src\ui\main_window.py", line 135, in _create_main_content
    bg=THEME['background'],
       ~~~~~^^^^^^^^^^^^^^
KeyError: 'background'
2025-03-19 12:03:24,821 - root - INFO - Starting HawkVance AI
2025-03-19 12:03:24,861 - root - INFO - Tesseract OCR initialized successfully (version: 5.5.0.20241111)
2025-03-19 12:03:24,861 - root - INFO - Gemini 2.0 API initialized successfully
2025-03-19 12:03:24,968 - root - ERROR - Application error: 'background'
Traceback (most recent call last):
  File "c:\Users\mithu\OneDrive\Desktop\recogP\HawkVanceAI\main.py", line 41, in main
    root = MainWindow()
           ^^^^^^^^^^^^
  File "c:\Users\mithu\OneDrive\Desktop\recogP\HawkVanceAI\src\ui\main_window.py", line 41, in __init__
    self._create_main_content()
  File "c:\Users\mithu\OneDrive\Desktop\recogP\HawkVanceAI\src\ui\main_window.py", line 135, in _create_main_content
    bg=THEME['background'],
       ~~~~~^^^^^^^^^^^^^^
KeyError: 'background'
2025-03-19 12:07:47,644 - root - INFO - Starting HawkVance AI
2025-03-19 12:07:47,681 - root - INFO - Tesseract OCR initialized successfully (version: 5.5.0.20241111)
2025-03-19 12:07:47,681 - root - INFO - Gemini 2.0 API initialized successfully
2025-03-19 12:07:47,797 - root - ERROR - Application error: 'success'
Traceback (most recent call last):
  File "c:\Users\mithu\OneDrive\Desktop\recogP\HawkVanceAI\main.py", line 41, in main
    root = MainWindow()
           ^^^^^^^^^^^^
  File "c:\Users\mithu\OneDrive\Desktop\recogP\HawkVanceAI\src\ui\main_window.py", line 41, in __init__
    self._create_main_content()
  File "c:\Users\mithu\OneDrive\Desktop\recogP\HawkVanceAI\src\ui\main_window.py", line 161, in _create_main_content
    foreground=THEME['success']
               ~~~~~^^^^^^^^^^^
KeyError: 'success'
2025-03-19 12:10:42,418 - root - INFO - Starting HawkVance AI
2025-03-19 12:10:42,464 - root - INFO - Tesseract OCR initialized successfully (version: 5.5.0.20241111)
2025-03-19 12:10:42,464 - root - INFO - Gemini 2.0 API initialized successfully
2025-03-19 12:18:02,967 - root - INFO - Starting HawkVance AI
2025-03-19 12:18:03,010 - root - INFO - Tesseract OCR initialized successfully (version: 5.5.0.20241111)
2025-03-19 12:18:03,010 - root - INFO - Gemini 2.0 API initialized successfully
2025-03-19 12:32:28,913 - root - INFO - Starting HawkVance AI
2025-03-19 12:32:28,950 - root - INFO - Tesseract OCR initialized successfully (version: 5.5.0.20241111)
2025-03-19 12:32:28,951 - root - INFO - Gemini 2.0 API initialized successfully
2025-03-19 12:32:28,951 - root - ERROR - Application error: MainWindow.__init__() missing 4 required positional arguments: 'root', 'screen_capture', 'ocr_processor', and 'gemini_processor'
Traceback (most recent call last):
  File "c:\Users\mithu\OneDrive\Desktop\recogP\HawkVanceAI\main.py", line 41, in main
    root = MainWindow()
           ^^^^^^^^^^^^
TypeError: MainWindow.__init__() missing 4 required positional arguments: 'root', 'screen_capture', 'ocr_processor', and 'gemini_processor'
